2026-10-03 18:48:48.911 INFO DriveService: Connected to OBD
2026-10-03 18:54:07.086 INFO DriveService: Trip saved: 1.078368611111111 km
2026-10-03 18:54:11.530 INFO Sync: Synced trip 1791033527493
2026-10-03 18:55:07.132 ERROR DriveService: Loop error, reconnecting
java.io.IOException: Broken pipe
	at android.net.LocalSocketImpl.writeba_native(Native Method)
	at android.net.LocalSocketImpl.-$$Nest$mwriteba_native(LocalSocketImpl.java:0)
	at android.net.LocalSocketImpl$SocketOutputStream.write(LocalSocketImpl.java:144)
	at android.bluetooth.BluetoothSocket.write(BluetoothSocket.java:1142)
	at android.bluetooth.BluetoothOutputStream.write(BluetoothOutputStream.java:77)
	at java.io.OutputStream.write(OutputStream.java:127)
	at com.victoris.ledger.obd.SppTransport$write$2.invokeSuspend(SppTransport.kt:69)
	at com.victoris.ledger.obd.SppTransport$write$2.invoke(SppTransport.kt:8)
	at com.victoris.ledger.obd.SppTransport$write$2.invoke(SppTransport.kt:4)
	at kotlinx.coroutines.intrinsics.UndispatchedKt.startUndispatchedOrReturn(Undispatched.kt:42)
	at kotlinx.coroutines.BuildersKt__Builders_commonKt.withContext(Builders.common.kt:164)
	at kotlinx.coroutines.BuildersKt.withContext(dex-id-7f6c35e1ced665096fab21e33ca081eacdbc911a:1)
	at com.victoris.ledger.obd.SppTransport.write(SppTransport.kt:68)
	at com.victoris.ledger.obd.Elm327.command(Elm327.kt:39)
	at com.victoris.ledger.obd.Elm327.readPid(Elm327.kt:135)
	at com.victoris.ledger.obd.Elm327.readPid$default(Elm327.kt:133)
	at com.victoris.ledger.obd.DriveService.safeReadPid(DriveService.kt:774)
	at com.victoris.ledger.obd.DriveService.runDriveLoop(DriveService.kt:468)
	at com.victoris.ledger.obd.DriveService.access$runDriveLoop(DriveService.kt:95)
	at com.victoris.ledger.obd.DriveService$runDriveLoop$1.invokeSuspend(DriveService.kt:15)
	at kotlin.coroutines.jvm.internal.BaseContinuationImpl.resumeWith(ContinuationImpl.kt:33)
	at kotlinx.coroutines.internal.ScopeCoroutine.afterResume(Scopes.kt:28)
	at kotlinx.coroutines.AbstractCoroutine.resumeWith(AbstractCoroutine.kt:100)
	at kotlin.coroutines.jvm.internal.BaseContinuationImpl.resumeWith(ContinuationImpl.kt:46)
	at kotlinx.coroutines.DispatchedTask.run(DispatchedTask.kt:99)
	at kotlinx.coroutines.internal.LimitedDispatcher$Worker.run(LimitedDispatcher.kt:113)
	at kotlinx.coroutines.scheduling.TaskImpl.run(Tasks.kt:89)
	at kotlinx.coroutines.scheduling.CoroutineScheduler.runSafely(CoroutineScheduler.kt:589)
	at kotlinx.coroutines.scheduling.CoroutineScheduler$Worker.executeTask(CoroutineScheduler.kt:823)
	at kotlinx.coroutines.scheduling.CoroutineScheduler$Worker.runWorker(CoroutineScheduler.kt:720)
	at kotlinx.coroutines.scheduling.CoroutineScheduler$Worker.run(CoroutineScheduler.kt:707)

2026-10-03 19:06:51.307 INFO DriveService: Connected to OBD
2026-10-03 19:15:08.609 INFO DriveService: Trip saved: 2.47249111111111 km
2026-10-03 19:15:12.905 INFO Sync: Synced trip 1791034608702
2026-10-03 19:16:53.364 ERROR DriveService: Loop error, reconnecting
java.io.IOException: Broken pipe
	at android.net.LocalSocketImpl.writeba_native(Native Method)
	at android.net.LocalSocketImpl.-$$Nest$mwriteba_native(LocalSocketImpl.java:0)
	at android.net.LocalSocketImpl$SocketOutputStream.write(LocalSocketImpl.java:144)
	at android.bluetooth.BluetoothSocket.write(BluetoothSocket.java:1142)
	at android.bluetooth.BluetoothOutputStream.write(BluetoothOutputStream.java:77)
	at java.io.OutputStream.write(OutputStream.java:127)
	at com.victoris.ledger.obd.SppTransport$write$2.invokeSuspend(SppTransport.kt:69)
	at com.victoris.ledger.obd.SppTransport$write$2.invoke(SppTransport.kt:8)
	at com.victoris.ledger.obd.SppTransport$write$2.invoke(SppTransport.kt:4)
	at kotlinx.coroutines.intrinsics.UndispatchedKt.startUndispatchedOrReturn(Undispatched.kt:42)
	at kotlinx.coroutines.BuildersKt__Builders_commonKt.withContext(Builders.common.kt:164)
	at kotlinx.coroutines.BuildersKt.withContext(dex-id-7f6c35e1ced665096fab21e33ca081eacdbc911a:1)
	at com.victoris.ledger.obd.SppTransport.write(SppTransport.kt:68)
	at com.victoris.ledger.obd.Elm327.command(Elm327.kt:39)
	at com.victoris.ledger.obd.Elm327.readPid(Elm327.kt:135)
	at com.victoris.ledger.obd.Elm327.readPid$default(Elm327.kt:133)
	at com.victoris.ledger.obd.DriveService.safeReadPid(DriveService.kt:774)
	at com.victoris.ledger.obd.DriveService.runDriveLoop(DriveService.kt:465)
	at com.victoris.ledger.obd.DriveService.access$runDriveLoop(DriveService.kt:95)
	at com.victoris.ledger.obd.DriveService$runDriveLoop$1.invokeSuspend(DriveService.kt:15)
	at kotlin.coroutines.jvm.internal.BaseContinuationImpl.resumeWith(ContinuationImpl.kt:33)
	at kotlinx.coroutines.internal.ScopeCoroutine.afterResume(Scopes.kt:28)
	at kotlinx.coroutines.AbstractCoroutine.resumeWith(AbstractCoroutine.kt:100)
	at kotlin.coroutines.jvm.internal.BaseContinuationImpl.resumeWith(ContinuationImpl.kt:46)
	at kotlinx.coroutines.DispatchedTask.run(DispatchedTask.kt:99)
	at kotlinx.coroutines.internal.LimitedDispatcher$Worker.run(LimitedDispatcher.kt:113)
	at kotlinx.coroutines.scheduling.TaskImpl.run(Tasks.kt:89)
	at kotlinx.coroutines.scheduling.CoroutineScheduler.runSafely(CoroutineScheduler.kt:589)
	at kotlinx.coroutines.scheduling.CoroutineScheduler$Worker.executeTask(CoroutineScheduler.kt:823)
	at kotlinx.coroutines.scheduling.CoroutineScheduler$Worker.runWorker(CoroutineScheduler.kt:720)
	at kotlinx.coroutines.scheduling.CoroutineScheduler$Worker.run(CoroutineScheduler.kt:707)

