2026-10-09 08:21:18.914 INFO DriveService: Connected to OBD, timing suffix
2026-10-09 08:21:18.917 INFO DriveService: Multi-PID on for 00:10:CC:4F:36:03
2026-10-09 08:21:24.259 INFO DriveService: Multi-PID disabled for this session after 3 failures
2026-10-09 08:23:37.937 INFO DriveService: rounds: avg 1390 ms, fast avg 797 ms, multi=off
2026-10-09 08:25:29.073 INFO DriveService: rounds: avg 1111 ms, fast avg 657 ms, multi=off
2026-10-09 08:27:15.877 INFO DriveService: rounds: avg 1068 ms, fast avg 629 ms, multi=off
2026-10-09 08:29:01.719 INFO DriveService: rounds: avg 1058 ms, fast avg 618 ms, multi=off
2026-10-09 08:30:58.416 INFO DriveService: rounds: avg 1166 ms, fast avg 673 ms, multi=off
2026-10-09 08:31:22.243 INFO DriveService: Vehicle detected: WAGONR (median 26.91)
2026-10-09 08:33:05.291 INFO DriveService: rounds: avg 1268 ms, fast avg 727 ms, multi=off
2026-10-09 08:34:58.772 INFO DriveService: rounds: avg 1134 ms, fast avg 655 ms, multi=off
2026-10-09 08:37:05.731 INFO DriveService: rounds: avg 1269 ms, fast avg 723 ms, multi=off
2026-10-09 08:39:02.258 INFO DriveService: rounds: avg 1165 ms, fast avg 675 ms, multi=off
2026-10-09 08:41:08.753 INFO DriveService: rounds: avg 1264 ms, fast avg 731 ms, multi=off
2026-10-09 08:43:19.853 INFO DriveService: rounds: avg 1310 ms, fast avg 776 ms, multi=off
2026-10-09 08:45:25.723 INFO DriveService: rounds: avg 1258 ms, fast avg 746 ms, multi=off
2026-10-09 08:47:38.295 INFO DriveService: rounds: avg 1325 ms, fast avg 764 ms, multi=off
2026-10-09 08:49:45.522 INFO DriveService: rounds: avg 1272 ms, fast avg 748 ms, multi=off
2026-10-09 08:52:02.971 INFO DriveService: rounds: avg 1374 ms, fast avg 761 ms, multi=off
2026-10-09 08:54:52.594 INFO DriveService: rounds: avg 1696 ms, fast avg 956 ms, multi=off
2026-10-09 08:57:24.356 INFO DriveService: rounds: avg 1517 ms, fast avg 878 ms, multi=off
2026-10-09 08:59:33.435 INFO DriveService: rounds: avg 1290 ms, fast avg 748 ms, multi=off
2026-10-09 09:01:41.580 INFO DriveService: rounds: avg 1281 ms, fast avg 736 ms, multi=off
2026-10-09 09:03:49.448 INFO DriveService: rounds: avg 1278 ms, fast avg 756 ms, multi=off
2026-10-09 09:05:58.956 INFO DriveService: rounds: avg 1295 ms, fast avg 760 ms, multi=off
2026-10-09 09:08:06.196 INFO DriveService: rounds: avg 1272 ms, fast avg 744 ms, multi=off
2026-10-09 09:10:17.823 INFO DriveService: rounds: avg 1316 ms, fast avg 763 ms, multi=off
2026-10-09 09:12:24.266 INFO DriveService: rounds: avg 1264 ms, fast avg 737 ms, multi=off
2026-10-09 09:14:34.520 INFO DriveService: rounds: avg 1302 ms, fast avg 741 ms, multi=off
2026-10-09 09:16:46.732 INFO DriveService: rounds: avg 1322 ms, fast avg 760 ms, multi=off
2026-10-09 09:18:57.473 INFO DriveService: rounds: avg 1307 ms, fast avg 735 ms, multi=off
2026-10-09 09:21:10.156 INFO DriveService: rounds: avg 1326 ms, fast avg 767 ms, multi=off
2026-10-09 09:21:16.531 INFO DriveService: Trip saved: 22.78141333333334 km
2026-10-09 09:21:27.610 INFO Sync: Synced trip 1791514277252
2026-10-09 09:24:13.203 INFO DriveService: rounds: avg 1830 ms, fast avg 1095 ms, multi=off
2026-10-09 09:30:50.292 INFO DriveService: Connected to OBD, timing suffix
2026-10-09 09:30:50.307 INFO DriveService: Multi-PID on for 00:10:CC:4F:36:03
2026-10-09 09:30:57.017 INFO DriveService: Multi-PID disabled for this session after 3 failures
2026-10-09 09:33:04.065 INFO DriveService: rounds: avg 1337 ms, fast avg 765 ms, multi=off
2026-10-09 09:35:17.115 INFO DriveService: rounds: avg 1330 ms, fast avg 760 ms, multi=off
2026-10-09 09:37:24.591 INFO DriveService: rounds: avg 1274 ms, fast avg 759 ms, multi=off
2026-10-09 09:39:34.285 INFO DriveService: rounds: avg 1296 ms, fast avg 741 ms, multi=off
2026-10-09 09:41:46.013 INFO DriveService: rounds: avg 1317 ms, fast avg 756 ms, multi=off
2026-10-09 09:43:54.073 INFO DriveService: rounds: avg 1280 ms, fast avg 735 ms, multi=off
2026-10-09 09:45:23.460 INFO DriveService: Trip saved: 5.455073888888893 km
2026-10-09 09:45:35.274 INFO Sync: Synced trip 1791518445866
2026-10-09 09:45:42.755 ERROR Sync: Failed to upload JSON trips/WAGONR/2026-10-09_1791518445866.json
com.victoris.ledger.sync.GitHubUploader$UploadException: HTTP 409: {"message":"is at 129187dff177d369404c0ba2a23afa696f672113 but expected b5399d9429fff7a1e90f6359205e53790ba7adf4","documentation_url":"https://docs.github.com/rest/repos/contents#create-or-update-file-contents","status":"409"}
	at com.victoris.ledger.sync.GitHubUploader.uploadFile-hUnOzRk(GitHubUploader.kt:66)
	at com.victoris.ledger.sync.LogSyncWorker.doWork(LogSyncWorker.kt:134)
	at com.victoris.ledger.sync.LogSyncWorker$doWork$1.invokeSuspend(LogSyncWorker.kt:14)
	at kotlin.coroutines.jvm.internal.BaseContinuationImpl.resumeWith(ContinuationImpl.kt:33)
	at kotlinx.coroutines.DispatchedTask.run(DispatchedTask.kt:101)
	at kotlinx.coroutines.scheduling.CoroutineScheduler.runSafely(CoroutineScheduler.kt:589)
	at kotlinx.coroutines.scheduling.CoroutineScheduler$Worker.executeTask(CoroutineScheduler.kt:832)
	at kotlinx.coroutines.scheduling.CoroutineScheduler$Worker.runWorker(CoroutineScheduler.kt:720)
	at kotlinx.coroutines.scheduling.CoroutineScheduler$Worker.run(CoroutineScheduler.kt:707)

2026-10-09 09:45:50.278 ERROR Sync: Failed to upload log app-20261009.log
com.victoris.ledger.sync.GitHubUploader$UploadException: HTTP 409: {"message":"logs/app-20261009.log does not match 5548ca2264b6b6c19abf5d9365850212fd90f360","documentation_url":"https://docs.github.com/rest/repos/contents#create-or-update-file-contents","status":"409"}
	at com.victoris.ledger.sync.GitHubUploader.uploadFile-hUnOzRk(GitHubUploader.kt:66)
	at com.victoris.ledger.sync.LogSyncWorker.doWork(LogSyncWorker.kt:164)
	at com.victoris.ledger.sync.LogSyncWorker$doWork$1.invokeSuspend(LogSyncWorker.kt:14)
	at kotlin.coroutines.jvm.internal.BaseContinuationImpl.resumeWith(ContinuationImpl.kt:33)
	at kotlinx.coroutines.DispatchedTask.run(DispatchedTask.kt:101)
	at kotlinx.coroutines.scheduling.CoroutineScheduler.runSafely(CoroutineScheduler.kt:589)
	at kotlinx.coroutines.scheduling.CoroutineScheduler$Worker.executeTask(CoroutineScheduler.kt:832)
	at kotlinx.coroutines.scheduling.CoroutineScheduler$Worker.runWorker(CoroutineScheduler.kt:720)
	at kotlinx.coroutines.scheduling.CoroutineScheduler$Worker.run(CoroutineScheduler.kt:707)

2026-10-09 09:45:56.523 ERROR Sync: Failed to upload log app-20261008.log
com.victoris.ledger.sync.GitHubUploader$UploadException: HTTP 409: {"message":"is at 1fa9648c23d0921bc52eb4d011e63c35022a323c but expected 5882eccc4fe747b5fad691502c8933a110f5bae4","documentation_url":"https://docs.github.com/rest/repos/contents#create-or-update-file-contents","status":"409"}
	at com.victoris.ledger.sync.GitHubUploader.uploadFile-hUnOzRk(GitHubUploader.kt:66)
	at com.victoris.ledger.sync.LogSyncWorker.doWork(LogSyncWorker.kt:164)
	at com.victoris.ledger.sync.LogSyncWorker$doWork$1.invokeSuspend(LogSyncWorker.kt:14)
	at kotlin.coroutines.jvm.internal.BaseContinuationImpl.resumeWith(ContinuationImpl.kt:33)
	at kotlinx.coroutines.DispatchedTask.run(DispatchedTask.kt:101)
	at kotlinx.coroutines.scheduling.CoroutineScheduler.runSafely(CoroutineScheduler.kt:589)
	at kotlinx.coroutines.scheduling.CoroutineScheduler$Worker.executeTask(CoroutineScheduler.kt:832)
	at kotlinx.coroutines.scheduling.CoroutineScheduler$Worker.runWorker(CoroutineScheduler.kt:720)
	at kotlinx.coroutines.scheduling.CoroutineScheduler$Worker.run(CoroutineScheduler.kt:707)

2026-10-09 09:46:00.370 ERROR Sync: Failed to upload settings
com.victoris.ledger.sync.GitHubUploader$UploadException: HTTP 409: {"message":"is at 4edd53dd77b55fea7cea47b9909c02fbc8ebe75a but expected 1fa9648c23d0921bc52eb4d011e63c35022a323c","documentation_url":"https://docs.github.com/rest/repos/contents#create-or-update-file-contents","status":"409"}
	at com.victoris.ledger.sync.GitHubUploader.uploadFile-hUnOzRk(GitHubUploader.kt:66)
	at com.victoris.ledger.sync.LogSyncWorker.doWork(LogSyncWorker.kt:191)
	at com.victoris.ledger.sync.LogSyncWorker$doWork$1.invokeSuspend(LogSyncWorker.kt:14)
	at kotlin.coroutines.jvm.internal.BaseContinuationImpl.resumeWith(ContinuationImpl.kt:33)
	at kotlinx.coroutines.DispatchedTask.run(DispatchedTask.kt:101)
	at kotlinx.coroutines.scheduling.CoroutineScheduler.runSafely(CoroutineScheduler.kt:589)
	at kotlinx.coroutines.scheduling.CoroutineScheduler$Worker.executeTask(CoroutineScheduler.kt:832)
	at kotlinx.coroutines.scheduling.CoroutineScheduler$Worker.runWorker(CoroutineScheduler.kt:720)
	at kotlinx.coroutines.scheduling.CoroutineScheduler$Worker.run(CoroutineScheduler.kt:707)

2026-10-09 09:46:04.130 INFO DriveService: rounds: avg 1300 ms, fast avg 721 ms, multi=off
2026-10-09 09:47:47.956 ERROR DriveService: Loop error, reconnecting
java.io.IOException: Broken pipe
	at android.net.LocalSocketImpl.writeba_native(Native Method)
	at android.net.LocalSocketImpl.-$$Nest$mwriteba_native(LocalSocketImpl.java:0)
	at android.net.LocalSocketImpl$SocketOutputStream.write(LocalSocketImpl.java:144)
	at android.bluetooth.BluetoothSocket.write(BluetoothSocket.java:1142)
	at android.bluetooth.BluetoothOutputStream.write(BluetoothOutputStream.java:77)
	at java.io.OutputStream.write(OutputStream.java:127)
	at com.victoris.ledger.obd.SppTransport$write$2.invokeSuspend(SppTransport.kt:69)
	at com.victoris.ledger.obd.SppTransport$write$2.invoke(SppTransport.kt:8)
	at com.victoris.ledger.obd.SppTransport$write$2.invoke(SppTransport.kt:4)
	at kotlinx.coroutines.intrinsics.UndispatchedKt.startUndispatchedOrReturn(Undispatched.kt:42)
	at kotlinx.coroutines.BuildersKt__Builders_commonKt.withContext(Builders.common.kt:164)
	at kotlinx.coroutines.BuildersKt.withContext(dex-id-e11516ec815ba2fc643bc276b67a499a13735759:1)
	at com.victoris.ledger.obd.SppTransport.write(SppTransport.kt:68)
	at com.victoris.ledger.obd.Elm327.command(Elm327.kt:47)
	at com.victoris.ledger.obd.Elm327.readPid(Elm327.kt:161)
	at com.victoris.ledger.obd.Elm327.readPid$default(Elm327.kt:160)
	at com.victoris.ledger.obd.DriveService.safeReadPid(DriveService.kt:962)
	at com.victoris.ledger.obd.DriveService.runDriveLoop(DriveService.kt:527)
	at com.victoris.ledger.obd.DriveService.access$runDriveLoop(DriveService.kt:105)
	at com.victoris.ledger.obd.DriveService$runDriveLoop$1.invokeSuspend(DriveService.kt:15)
	at kotlin.coroutines.jvm.internal.BaseContinuationImpl.resumeWith(ContinuationImpl.kt:33)
	at kotlinx.coroutines.internal.ScopeCoroutine.afterResume(Scopes.kt:28)
	at kotlinx.coroutines.AbstractCoroutine.resumeWith(AbstractCoroutine.kt:100)
	at kotlin.coroutines.jvm.internal.BaseContinuationImpl.resumeWith(ContinuationImpl.kt:46)
	at kotlinx.coroutines.DispatchedTask.run(DispatchedTask.kt:99)
	at kotlinx.coroutines.internal.LimitedDispatcher$Worker.run(LimitedDispatcher.kt:113)
	at kotlinx.coroutines.scheduling.TaskImpl.run(Tasks.kt:89)
	at kotlinx.coroutines.scheduling.CoroutineScheduler.runSafely(CoroutineScheduler.kt:589)
	at kotlinx.coroutines.scheduling.CoroutineScheduler$Worker.executeTask(CoroutineScheduler.kt:823)
	at kotlinx.coroutines.scheduling.CoroutineScheduler$Worker.runWorker(CoroutineScheduler.kt:720)
	at kotlinx.coroutines.scheduling.CoroutineScheduler$Worker.run(CoroutineScheduler.kt:707)

2026-10-09 12:59:43.878 INFO Update: APK 46 downloaded: 14.3 MB in 2.7 s (5.27 MB/s)
2026-10-09 19:31:46.526 INFO DriveService: Connected to OBD, timing suffix
2026-10-09 19:31:46.527 INFO DriveService: Multi-PID on for 00:10:CC:4F:36:03
2026-10-09 19:31:51.862 INFO DriveService: Multi-PID disabled for this session after 3 failures
2026-10-09 19:33:51.678 INFO DriveService: rounds: avg 1251 ms, fast avg 726 ms, multi=off
2026-10-09 19:35:59.146 INFO DriveService: rounds: avg 1274 ms, fast avg 734 ms, multi=off
2026-10-09 19:38:10.537 INFO DriveService: rounds: avg 1313 ms, fast avg 750 ms, multi=off
2026-10-09 19:40:28.621 INFO DriveService: rounds: avg 1380 ms, fast avg 752 ms, multi=off
2026-10-09 19:42:43.832 INFO DriveService: rounds: avg 1352 ms, fast avg 737 ms, multi=off
2026-10-09 19:44:59.026 INFO DriveService: rounds: avg 1351 ms, fast avg 738 ms, multi=off
2026-10-09 19:47:08.571 INFO DriveService: rounds: avg 1295 ms, fast avg 744 ms, multi=off
2026-10-09 19:49:10.142 INFO DriveService: rounds: avg 1215 ms, fast avg 716 ms, multi=off
2026-10-09 19:51:18.828 INFO DriveService: rounds: avg 1286 ms, fast avg 757 ms, multi=off
2026-10-09 19:54:00.261 INFO DriveService: rounds: avg 1614 ms, fast avg 923 ms, multi=off
2026-10-09 19:56:35.013 INFO DriveService: rounds: avg 1547 ms, fast avg 911 ms, multi=off
2026-10-09 19:58:43.221 INFO DriveService: rounds: avg 1282 ms, fast avg 756 ms, multi=off
2026-10-09 20:00:54.988 INFO DriveService: rounds: avg 1317 ms, fast avg 769 ms, multi=off
2026-10-09 20:03:02.108 INFO DriveService: rounds: avg 1271 ms, fast avg 748 ms, multi=off
2026-10-09 20:05:09.606 INFO DriveService: rounds: avg 1274 ms, fast avg 752 ms, multi=off
2026-10-09 20:07:22.201 INFO DriveService: rounds: avg 1325 ms, fast avg 781 ms, multi=off
2026-10-09 20:09:31.750 INFO DriveService: rounds: avg 1295 ms, fast avg 747 ms, multi=off
2026-10-09 20:11:40.476 INFO DriveService: rounds: avg 1287 ms, fast avg 755 ms, multi=off
2026-10-09 20:13:45.307 INFO DriveService: rounds: avg 1248 ms, fast avg 731 ms, multi=off
2026-10-09 20:15:51.037 INFO DriveService: rounds: avg 1257 ms, fast avg 738 ms, multi=off
2026-10-09 20:18:00.142 INFO DriveService: rounds: avg 1290 ms, fast avg 756 ms, multi=off
2026-10-09 20:20:06.529 INFO DriveService: rounds: avg 1263 ms, fast avg 748 ms, multi=off
2026-10-09 20:22:14.689 INFO DriveService: rounds: avg 1281 ms, fast avg 751 ms, multi=off
2026-10-09 20:24:18.918 INFO DriveService: rounds: avg 1242 ms, fast avg 728 ms, multi=off
2026-10-09 20:26:25.335 INFO DriveService: rounds: avg 1264 ms, fast avg 743 ms, multi=off
2026-10-09 20:28:33.501 INFO DriveService: rounds: avg 1281 ms, fast avg 751 ms, multi=off
2026-10-09 20:30:11.365 INFO DriveService: Trip saved: 24.769074166666613 km
2026-10-09 20:30:18.227 INFO Sync: Synced trip 1791554505186
