2026-09-28 07:32:09.160 INFO DriveService: Connected to OBD
2026-09-28 07:35:45.164 ERROR DriveService: Loop error, reconnecting
java.io.IOException: Broken pipe
	at android.net.LocalSocketImpl.writeba_native(Native Method)
	at android.net.LocalSocketImpl.-$$Nest$mwriteba_native(LocalSocketImpl.java:0)
	at android.net.LocalSocketImpl$SocketOutputStream.write(LocalSocketImpl.java:144)
	at android.bluetooth.BluetoothSocket.write(BluetoothSocket.java:1142)
	at android.bluetooth.BluetoothOutputStream.write(BluetoothOutputStream.java:77)
	at java.io.OutputStream.write(OutputStream.java:127)
	at com.victoris.ledger.obd.SppTransport$write$2.invokeSuspend(SppTransport.kt:69)
	at com.victoris.ledger.obd.SppTransport$write$2.invoke(SppTransport.kt:8)
	at com.victoris.ledger.obd.SppTransport$write$2.invoke(SppTransport.kt:4)
	at kotlinx.coroutines.intrinsics.UndispatchedKt.startUndispatchedOrReturn(Undispatched.kt:42)
	at kotlinx.coroutines.BuildersKt__Builders_commonKt.withContext(Builders.common.kt:164)
	at kotlinx.coroutines.BuildersKt.withContext(dex-id-ee9ac1a87c6ae7302cbdc7f716e119ea3b88775b:1)
	at com.victoris.ledger.obd.SppTransport.write(SppTransport.kt:68)
	at com.victoris.ledger.obd.Elm327.command(Elm327.kt:39)
	at com.victoris.ledger.obd.Elm327.readPid(Elm327.kt:135)
	at com.victoris.ledger.obd.Elm327.readPid$default(Elm327.kt:133)
	at com.victoris.ledger.obd.DriveService.safeReadPid(DriveService.kt:738)
	at com.victoris.ledger.obd.DriveService.runDriveLoop(DriveService.kt:457)
	at com.victoris.ledger.obd.DriveService.access$runDriveLoop(DriveService.kt:93)
	at com.victoris.ledger.obd.DriveService$runDriveLoop$1.invokeSuspend(DriveService.kt:15)
	at kotlin.coroutines.jvm.internal.BaseContinuationImpl.resumeWith(ContinuationImpl.kt:33)
	at kotlinx.coroutines.internal.ScopeCoroutine.afterResume(Scopes.kt:28)
	at kotlinx.coroutines.AbstractCoroutine.resumeWith(AbstractCoroutine.kt:100)
	at kotlin.coroutines.jvm.internal.BaseContinuationImpl.resumeWith(ContinuationImpl.kt:46)
	at kotlinx.coroutines.DispatchedTask.run(DispatchedTask.kt:99)
	at kotlinx.coroutines.internal.LimitedDispatcher$Worker.run(LimitedDispatcher.kt:113)
	at kotlinx.coroutines.scheduling.TaskImpl.run(Tasks.kt:89)
	at kotlinx.coroutines.scheduling.CoroutineScheduler.runSafely(CoroutineScheduler.kt:589)
	at kotlinx.coroutines.scheduling.CoroutineScheduler$Worker.executeTask(CoroutineScheduler.kt:823)
	at kotlinx.coroutines.scheduling.CoroutineScheduler$Worker.runWorker(CoroutineScheduler.kt:720)
	at kotlinx.coroutines.scheduling.CoroutineScheduler$Worker.run(CoroutineScheduler.kt:707)

2026-09-28 08:18:32.059 INFO DriveService: Connected to OBD
2026-09-28 09:12:09.927 INFO DriveService: Trip saved: 27.06273361111107 km
2026-09-28 09:19:07.361 INFO DriveService: Connected to OBD
2026-09-28 09:25:11.550 INFO DriveService: Trip saved: 2.0402474999999995 km
2026-09-28 09:33:53.312 INFO DriveService: Trip saved: 3.2842461111111088 km
2026-09-28 09:36:24.825 ERROR DriveService: Loop error, reconnecting
java.io.IOException: Broken pipe
	at android.net.LocalSocketImpl.writeba_native(Native Method)
	at android.net.LocalSocketImpl.-$$Nest$mwriteba_native(LocalSocketImpl.java:0)
	at android.net.LocalSocketImpl$SocketOutputStream.write(LocalSocketImpl.java:144)
	at android.bluetooth.BluetoothSocket.write(BluetoothSocket.java:1142)
	at android.bluetooth.BluetoothOutputStream.write(BluetoothOutputStream.java:77)
	at java.io.OutputStream.write(OutputStream.java:127)
	at com.victoris.ledger.obd.SppTransport$write$2.invokeSuspend(SppTransport.kt:69)
	at com.victoris.ledger.obd.SppTransport$write$2.invoke(SppTransport.kt:8)
	at com.victoris.ledger.obd.SppTransport$write$2.invoke(SppTransport.kt:4)
	at kotlinx.coroutines.intrinsics.UndispatchedKt.startUndispatchedOrReturn(Undispatched.kt:42)
	at kotlinx.coroutines.BuildersKt__Builders_commonKt.withContext(Builders.common.kt:164)
	at kotlinx.coroutines.BuildersKt.withContext(dex-id-ee9ac1a87c6ae7302cbdc7f716e119ea3b88775b:1)
	at com.victoris.ledger.obd.SppTransport.write(SppTransport.kt:68)
	at com.victoris.ledger.obd.Elm327.command(Elm327.kt:39)
	at com.victoris.ledger.obd.Elm327.readPid(Elm327.kt:135)
	at com.victoris.ledger.obd.Elm327.readPid$default(Elm327.kt:133)
	at com.victoris.ledger.obd.DriveService.safeReadPid(DriveService.kt:738)
	at com.victoris.ledger.obd.DriveService.runDriveLoop(DriveService.kt:456)
	at com.victoris.ledger.obd.DriveService.access$runDriveLoop(DriveService.kt:93)
	at com.victoris.ledger.obd.DriveService$runDriveLoop$1.invokeSuspend(DriveService.kt:15)
	at kotlin.coroutines.jvm.internal.BaseContinuationImpl.resumeWith(ContinuationImpl.kt:33)
	at kotlinx.coroutines.internal.ScopeCoroutine.afterResume(Scopes.kt:28)
	at kotlinx.coroutines.AbstractCoroutine.resumeWith(AbstractCoroutine.kt:100)
	at kotlin.coroutines.jvm.internal.BaseContinuationImpl.resumeWith(ContinuationImpl.kt:46)
	at kotlinx.coroutines.DispatchedTask.run(DispatchedTask.kt:99)
	at kotlinx.coroutines.internal.LimitedDispatcher$Worker.run(LimitedDispatcher.kt:113)
	at kotlinx.coroutines.scheduling.TaskImpl.run(Tasks.kt:89)
	at kotlinx.coroutines.scheduling.CoroutineScheduler.runSafely(CoroutineScheduler.kt:589)
	at kotlinx.coroutines.scheduling.CoroutineScheduler$Worker.executeTask(CoroutineScheduler.kt:823)
	at kotlinx.coroutines.scheduling.CoroutineScheduler$Worker.runWorker(CoroutineScheduler.kt:720)
	at kotlinx.coroutines.scheduling.CoroutineScheduler$Worker.run(CoroutineScheduler.kt:707)

2026-09-28 10:32:06.274 INFO Sync: Synced trip 1790563846258
2026-09-28 10:32:09.962 INFO Sync: Synced trip 1790567345991
2026-09-28 10:32:12.091 INFO Sync: Synced trip 1790567345991
2026-09-28 10:32:13.352 INFO Sync: Synced trip 1790567711535
2026-09-28 10:32:13.418 ERROR Sync: Failed to upload JSON trips/VICTORIS/2026-09-28_1790567711535.json
com.victoris.ledger.sync.GitHubUploader$UploadException: HTTP 409: {"message":"is at f68ae4492e5519626b497fa466a9672180dee757 but expected 13f4dba2f4c368b71bfd543be70a1a586626dc60","documentation_url":"https://docs.github.com/rest/repos/contents#create-or-update-file-contents","status":"409"}
	at com.victoris.ledger.sync.GitHubUploader.uploadFile-hUnOzRk(GitHubUploader.kt:65)
	at com.victoris.ledger.sync.LogSyncWorker.doWork(LogSyncWorker.kt:99)
	at com.victoris.ledger.sync.LogSyncWorker$doWork$1.invokeSuspend(LogSyncWorker.kt:14)
	at kotlin.coroutines.jvm.internal.BaseContinuationImpl.resumeWith(ContinuationImpl.kt:33)
	at kotlinx.coroutines.DispatchedTask.run(DispatchedTask.kt:101)
	at kotlinx.coroutines.scheduling.CoroutineScheduler.runSafely(CoroutineScheduler.kt:589)
	at kotlinx.coroutines.scheduling.CoroutineScheduler$Worker.executeTask(CoroutineScheduler.kt:832)
	at kotlinx.coroutines.scheduling.CoroutineScheduler$Worker.runWorker(CoroutineScheduler.kt:720)
	at kotlinx.coroutines.scheduling.CoroutineScheduler$Worker.run(CoroutineScheduler.kt:707)

