2026-10-07 08:07:23.269 INFO DriveService: Connected to OBD, timing suffix
2026-10-07 08:07:23.271 INFO DriveService: Multi-PID on for 00:10:CC:4F:36:03
2026-10-07 08:07:28.684 INFO DriveService: Multi-PID disabled for this session after 3 failures
2026-10-07 08:09:43.578 INFO DriveService: rounds: avg 1402 ms, fast avg 816 ms, multi=off
2026-10-07 08:11:37.359 INFO DriveService: rounds: avg 1137 ms, fast avg 672 ms, multi=off
2026-10-07 08:13:33.663 INFO DriveService: rounds: avg 1163 ms, fast avg 660 ms, multi=off
2026-10-07 08:15:26.780 INFO DriveService: rounds: avg 1131 ms, fast avg 642 ms, multi=off
2026-10-07 08:17:14.318 INFO DriveService: rounds: avg 1075 ms, fast avg 632 ms, multi=off
2026-10-07 08:19:03.752 INFO DriveService: rounds: avg 1094 ms, fast avg 632 ms, multi=off
2026-10-07 08:20:53.509 INFO DriveService: rounds: avg 1097 ms, fast avg 633 ms, multi=off
2026-10-07 08:22:47.830 INFO DriveService: rounds: avg 1143 ms, fast avg 638 ms, multi=off
2026-10-07 08:24:37.590 INFO DriveService: rounds: avg 1097 ms, fast avg 636 ms, multi=off
2026-10-07 08:26:27.129 INFO DriveService: rounds: avg 1095 ms, fast avg 631 ms, multi=off
2026-10-07 08:28:17.537 INFO DriveService: rounds: avg 1104 ms, fast avg 638 ms, multi=off
2026-10-07 08:30:06.584 INFO DriveService: rounds: avg 1090 ms, fast avg 636 ms, multi=off
2026-10-07 08:32:00.030 INFO DriveService: rounds: avg 1134 ms, fast avg 639 ms, multi=off
2026-10-07 08:33:54.387 INFO DriveService: rounds: avg 1143 ms, fast avg 636 ms, multi=off
2026-10-07 08:35:49.385 INFO DriveService: rounds: avg 1149 ms, fast avg 635 ms, multi=off
2026-10-07 08:37:45.082 INFO DriveService: rounds: avg 1156 ms, fast avg 636 ms, multi=off
2026-10-07 08:39:38.946 INFO DriveService: rounds: avg 1138 ms, fast avg 630 ms, multi=off
2026-10-07 08:41:33.232 INFO DriveService: rounds: avg 1142 ms, fast avg 633 ms, multi=off
2026-10-07 08:43:28.401 INFO DriveService: rounds: avg 1151 ms, fast avg 635 ms, multi=off
2026-10-07 08:45:21.889 INFO DriveService: rounds: avg 1134 ms, fast avg 632 ms, multi=off
2026-10-07 08:47:13.165 INFO DriveService: rounds: avg 1112 ms, fast avg 629 ms, multi=off
2026-10-07 08:49:06.506 INFO DriveService: rounds: avg 1133 ms, fast avg 634 ms, multi=off
2026-10-07 08:50:57.803 INFO DriveService: rounds: avg 1112 ms, fast avg 630 ms, multi=off
2026-10-07 08:52:37.938 INFO DriveService: Trip saved: 28.762008611111124 km
2026-10-07 08:52:42.903 INFO Sync: Synced trip 1791340641301
2026-10-07 08:52:49.943 INFO Settings: manual_factor_cng: null -> removed
2026-10-07 08:52:49.943 INFO Settings: manual_factor_petrol: null -> removed
2026-10-07 08:53:39.991 INFO DriveService: Connected to OBD, timing suffix
2026-10-07 08:53:39.992 INFO DriveService: Multi-PID on for 00:10:CC:4F:36:03
2026-10-07 08:53:45.749 INFO DriveService: Multi-PID disabled for this session after 3 failures
2026-10-07 08:54:40.691 INFO DriveService: Trip saved: 0.24979333333333326 km
2026-10-07 08:54:44.733 INFO Sync: Synced trip 1791343416908
2026-10-07 08:55:46.508 INFO DriveService: rounds: avg 1265 ms, fast avg 777 ms, multi=off
2026-10-07 08:57:34.003 INFO DriveService: rounds: avg 1074 ms, fast avg 691 ms, multi=off
2026-10-07 08:59:21.696 INFO DriveService: rounds: avg 1076 ms, fast avg 687 ms, multi=off
2026-10-07 09:01:29.599 INFO DriveService: rounds: avg 1278 ms, fast avg 727 ms, multi=off
2026-10-07 09:03:26.233 INFO DriveService: rounds: avg 1166 ms, fast avg 675 ms, multi=off
2026-10-07 09:05:17.377 INFO DriveService: rounds: avg 1111 ms, fast avg 654 ms, multi=off
2026-10-07 09:07:07.275 INFO DriveService: rounds: avg 1098 ms, fast avg 634 ms, multi=off
2026-10-07 09:08:58.802 INFO DriveService: rounds: avg 1115 ms, fast avg 634 ms, multi=off
2026-10-07 09:10:49.815 INFO DriveService: rounds: avg 1110 ms, fast avg 637 ms, multi=off
2026-10-07 09:12:12.620 INFO DriveService: Trip saved: 5.336017499999996 km
2026-10-07 09:12:20.752 INFO Sync: Synced trip 1791343480676
2026-10-07 09:12:24.716 ERROR Sync: Failed to upload log app-20261006.log
com.victoris.ledger.sync.GitHubUploader$UploadException: HTTP 409: {"message":"is at 3d2e03f04359d20351c10a1643294585c755d885 but expected 34dac1fcd85463acb7ae677c669e974a3143bd10","documentation_url":"https://docs.github.com/rest/repos/contents#create-or-update-file-contents","status":"409"}
	at com.victoris.ledger.sync.GitHubUploader.uploadFile-hUnOzRk(GitHubUploader.kt:66)
	at com.victoris.ledger.sync.LogSyncWorker.doWork(LogSyncWorker.kt:164)
	at com.victoris.ledger.sync.LogSyncWorker$doWork$1.invokeSuspend(LogSyncWorker.kt:14)
	at kotlin.coroutines.jvm.internal.BaseContinuationImpl.resumeWith(ContinuationImpl.kt:33)
	at kotlinx.coroutines.DispatchedTask.run(DispatchedTask.kt:101)
	at kotlinx.coroutines.scheduling.CoroutineScheduler.runSafely(CoroutineScheduler.kt:589)
	at kotlinx.coroutines.scheduling.CoroutineScheduler$Worker.executeTask(CoroutineScheduler.kt:832)
	at kotlinx.coroutines.scheduling.CoroutineScheduler$Worker.runWorker(CoroutineScheduler.kt:720)
	at kotlinx.coroutines.scheduling.CoroutineScheduler$Worker.run(CoroutineScheduler.kt:707)

2026-10-07 09:12:48.666 INFO DriveService: rounds: avg 1188 ms, fast avg 637 ms, multi=off
