2026-10-08 08:48:30.968 INFO DriveService: Connected to OBD, timing suffix
2026-10-08 08:48:30.976 INFO DriveService: Multi-PID on for 00:10:CC:4F:36:03
2026-10-08 08:48:36.284 INFO DriveService: Multi-PID disabled for this session after 3 failures
2026-10-08 08:50:30.306 INFO DriveService: rounds: avg 1193 ms, fast avg 704 ms, multi=off
2026-10-08 08:52:27.696 INFO DriveService: rounds: avg 1173 ms, fast avg 663 ms, multi=off
2026-10-08 08:54:20.584 INFO DriveService: rounds: avg 1128 ms, fast avg 634 ms, multi=off
2026-10-08 08:56:11.575 INFO DriveService: rounds: avg 1109 ms, fast avg 633 ms, multi=off
2026-10-08 08:58:03.309 INFO DriveService: rounds: avg 1117 ms, fast avg 644 ms, multi=off
2026-10-08 08:59:57.179 INFO DriveService: rounds: avg 1138 ms, fast avg 634 ms, multi=off
2026-10-08 09:01:45.462 INFO DriveService: rounds: avg 1082 ms, fast avg 631 ms, multi=off
2026-10-08 09:03:34.883 INFO DriveService: rounds: avg 1094 ms, fast avg 641 ms, multi=off
2026-10-08 09:05:22.384 INFO DriveService: rounds: avg 1074 ms, fast avg 634 ms, multi=off
2026-10-08 09:07:10.430 INFO DriveService: rounds: avg 1080 ms, fast avg 634 ms, multi=off
2026-10-08 09:09:00.052 INFO DriveService: rounds: avg 1096 ms, fast avg 645 ms, multi=off
2026-10-08 09:10:47.938 INFO DriveService: rounds: avg 1078 ms, fast avg 640 ms, multi=off
2026-10-08 09:12:36.563 INFO DriveService: rounds: avg 1086 ms, fast avg 635 ms, multi=off
2026-10-08 09:14:28.140 INFO DriveService: rounds: avg 1115 ms, fast avg 645 ms, multi=off
2026-10-08 09:16:17.896 INFO DriveService: rounds: avg 1097 ms, fast avg 641 ms, multi=off
2026-10-08 09:18:15.214 INFO DriveService: rounds: avg 1173 ms, fast avg 648 ms, multi=off
2026-10-08 09:20:10.018 INFO DriveService: rounds: avg 1147 ms, fast avg 633 ms, multi=off
2026-10-08 09:22:03.945 INFO DriveService: rounds: avg 1139 ms, fast avg 629 ms, multi=off
2026-10-08 09:24:00.145 INFO DriveService: rounds: avg 1161 ms, fast avg 637 ms, multi=off
2026-10-08 09:25:49.343 INFO DriveService: rounds: avg 1091 ms, fast avg 631 ms, multi=off
2026-10-08 09:27:38.485 INFO DriveService: rounds: avg 1091 ms, fast avg 629 ms, multi=off
2026-10-08 09:29:28.075 INFO DriveService: rounds: avg 1095 ms, fast avg 633 ms, multi=off
2026-10-08 09:31:15.176 INFO DriveService: rounds: avg 1070 ms, fast avg 630 ms, multi=off
2026-10-08 09:32:13.521 INFO DriveService: Trip saved: 21.489915555555545 km
2026-10-08 09:32:18.831 INFO Sync: Synced trip 1791429509252
