2026-10-04 11:31:23.486 INFO DriveService: Connected to OBD
2026-10-04 11:36:07.835 INFO DriveService: Trip saved: 1.6635688888888878 km
2026-10-04 11:36:45.930 INFO Sync: Synced trip 1791093680840
2026-10-04 11:38:11.166 ERROR DriveService: Loop error, reconnecting
java.io.IOException: Broken pipe
	at android.net.LocalSocketImpl.writeba_native(Native Method)
	at android.net.LocalSocketImpl.-$$Nest$mwriteba_native(LocalSocketImpl.java:0)
	at android.net.LocalSocketImpl$SocketOutputStream.write(LocalSocketImpl.java:144)
	at android.bluetooth.BluetoothSocket.write(BluetoothSocket.java:1142)
	at android.bluetooth.BluetoothOutputStream.write(BluetoothOutputStream.java:77)
	at java.io.OutputStream.write(OutputStream.java:127)
	at com.victoris.ledger.obd.SppTransport$write$2.invokeSuspend(SppTransport.kt:69)
	at com.victoris.ledger.obd.SppTransport$write$2.invoke(SppTransport.kt:8)
	at com.victoris.ledger.obd.SppTransport$write$2.invoke(SppTransport.kt:4)
	at kotlinx.coroutines.intrinsics.UndispatchedKt.startUndispatchedOrReturn(Undispatched.kt:42)
	at kotlinx.coroutines.BuildersKt__Builders_commonKt.withContext(Builders.common.kt:164)
	at kotlinx.coroutines.BuildersKt.withContext(dex-id-7f6c35e1ced665096fab21e33ca081eacdbc911a:1)
	at com.victoris.ledger.obd.SppTransport.write(SppTransport.kt:68)
	at com.victoris.ledger.obd.Elm327.command(Elm327.kt:39)
	at com.victoris.ledger.obd.Elm327.readPid(Elm327.kt:135)
	at com.victoris.ledger.obd.Elm327.readPid$default(Elm327.kt:133)
	at com.victoris.ledger.obd.DriveService.safeReadPid(DriveService.kt:774)
	at com.victoris.ledger.obd.DriveService.runDriveLoop(DriveService.kt:465)
	at com.victoris.ledger.obd.DriveService.access$runDriveLoop(DriveService.kt:95)
	at com.victoris.ledger.obd.DriveService$runDriveLoop$1.invokeSuspend(DriveService.kt:15)
	at kotlin.coroutines.jvm.internal.BaseContinuationImpl.resumeWith(ContinuationImpl.kt:33)
	at kotlinx.coroutines.internal.ScopeCoroutine.afterResume(Scopes.kt:28)
	at kotlinx.coroutines.AbstractCoroutine.resumeWith(AbstractCoroutine.kt:100)
	at kotlin.coroutines.jvm.internal.BaseContinuationImpl.resumeWith(ContinuationImpl.kt:46)
	at kotlinx.coroutines.DispatchedTask.run(DispatchedTask.kt:99)
	at kotlinx.coroutines.internal.LimitedDispatcher$Worker.run(LimitedDispatcher.kt:113)
	at kotlinx.coroutines.scheduling.TaskImpl.run(Tasks.kt:89)
	at kotlinx.coroutines.scheduling.CoroutineScheduler.runSafely(CoroutineScheduler.kt:589)
	at kotlinx.coroutines.scheduling.CoroutineScheduler$Worker.executeTask(CoroutineScheduler.kt:823)
	at kotlinx.coroutines.scheduling.CoroutineScheduler$Worker.runWorker(CoroutineScheduler.kt:720)
	at kotlinx.coroutines.scheduling.CoroutineScheduler$Worker.run(CoroutineScheduler.kt:707)

2026-10-04 14:59:43.080 INFO DriveService: Connected to OBD
2026-10-04 15:09:30.300 INFO DriveService: Trip saved: 1.4060158333333335 km
2026-10-04 15:09:35.221 INFO Sync: Synced trip 1791106181519
2026-10-04 15:33:54.929 INFO DriveService: Trip saved: 13.608330555555561 km
2026-10-04 15:34:01.050 INFO Sync: Synced trip 1791106770283
2026-10-04 15:43:07.012 INFO DriveService: Connected to OBD
2026-10-04 17:09:43.901 INFO DriveService: Trip saved: 43.74445222222217 km
2026-10-04 17:09:49.223 INFO Sync: Synced trip 1791108785740
2026-10-04 17:10:16.281 ERROR DriveService: Loop error, reconnecting
java.io.IOException: Broken pipe
	at android.net.LocalSocketImpl.writeba_native(Native Method)
	at android.net.LocalSocketImpl.-$$Nest$mwriteba_native(LocalSocketImpl.java:0)
	at android.net.LocalSocketImpl$SocketOutputStream.write(LocalSocketImpl.java:144)
	at android.bluetooth.BluetoothSocket.write(BluetoothSocket.java:1142)
	at android.bluetooth.BluetoothOutputStream.write(BluetoothOutputStream.java:77)
	at java.io.OutputStream.write(OutputStream.java:127)
	at com.victoris.ledger.obd.SppTransport$write$2.invokeSuspend(SppTransport.kt:69)
	at com.victoris.ledger.obd.SppTransport$write$2.invoke(SppTransport.kt:8)
	at com.victoris.ledger.obd.SppTransport$write$2.invoke(SppTransport.kt:4)
	at kotlinx.coroutines.intrinsics.UndispatchedKt.startUndispatchedOrReturn(Undispatched.kt:42)
	at kotlinx.coroutines.BuildersKt__Builders_commonKt.withContext(Builders.common.kt:164)
	at kotlinx.coroutines.BuildersKt.withContext(dex-id-7f6c35e1ced665096fab21e33ca081eacdbc911a:1)
	at com.victoris.ledger.obd.SppTransport.write(SppTransport.kt:68)
	at com.victoris.ledger.obd.Elm327.command(Elm327.kt:39)
	at com.victoris.ledger.obd.Elm327.readPid(Elm327.kt:135)
	at com.victoris.ledger.obd.Elm327.readPid$default(Elm327.kt:133)
	at com.victoris.ledger.obd.DriveService.safeReadPid(DriveService.kt:774)
	at com.victoris.ledger.obd.DriveService.runDriveLoop$rpmTick(DriveService.kt:460)
	at com.victoris.ledger.obd.DriveService.runDriveLoop(DriveService.kt:464)
	at com.victoris.ledger.obd.DriveService.access$runDriveLoop(DriveService.kt:95)
	at com.victoris.ledger.obd.DriveService$runDriveLoop$1.invokeSuspend(DriveService.kt:15)
	at kotlin.coroutines.jvm.internal.BaseContinuationImpl.resumeWith(ContinuationImpl.kt:33)
	at kotlinx.coroutines.internal.ScopeCoroutine.afterResume(Scopes.kt:28)
	at kotlinx.coroutines.AbstractCoroutine.resumeWith(AbstractCoroutine.kt:100)
	at kotlin.coroutines.jvm.internal.BaseContinuationImpl.resumeWith(ContinuationImpl.kt:46)
	at kotlinx.coroutines.DispatchedTask.run(DispatchedTask.kt:99)
	at kotlinx.coroutines.internal.LimitedDispatcher$Worker.run(LimitedDispatcher.kt:113)
	at kotlinx.coroutines.scheduling.TaskImpl.run(Tasks.kt:89)
	at kotlinx.coroutines.scheduling.CoroutineScheduler.runSafely(CoroutineScheduler.kt:589)
	at kotlinx.coroutines.scheduling.CoroutineScheduler$Worker.executeTask(CoroutineScheduler.kt:823)
	at kotlinx.coroutines.scheduling.CoroutineScheduler$Worker.runWorker(CoroutineScheduler.kt:720)
	at kotlinx.coroutines.scheduling.CoroutineScheduler$Worker.run(CoroutineScheduler.kt:707)

2026-10-04 23:14:40.334 INFO DriveService: Connected to OBD
2026-10-04 23:31:30.069 INFO DriveService: Trip saved: 15.265502777777774 km
2026-10-04 23:31:34.179 INFO Sync: Synced trip 1791135876544
