2026-10-02 00:03:07.099 ERROR DriveService: Loop error, reconnecting
java.io.IOException: Broken pipe
	at android.net.LocalSocketImpl.writeba_native(Native Method)
	at android.net.LocalSocketImpl.-$$Nest$mwriteba_native(LocalSocketImpl.java:0)
	at android.net.LocalSocketImpl$SocketOutputStream.write(LocalSocketImpl.java:144)
	at android.bluetooth.BluetoothSocket.write(BluetoothSocket.java:1142)
	at android.bluetooth.BluetoothOutputStream.write(BluetoothOutputStream.java:77)
	at java.io.OutputStream.write(OutputStream.java:127)
	at com.victoris.ledger.obd.SppTransport$write$2.invokeSuspend(SppTransport.kt:69)
	at com.victoris.ledger.obd.SppTransport$write$2.invoke(SppTransport.kt:8)
	at com.victoris.ledger.obd.SppTransport$write$2.invoke(SppTransport.kt:4)
	at kotlinx.coroutines.intrinsics.UndispatchedKt.startUndispatchedOrReturn(Undispatched.kt:42)
	at kotlinx.coroutines.BuildersKt__Builders_commonKt.withContext(Builders.common.kt:164)
	at kotlinx.coroutines.BuildersKt.withContext(dex-id-7f6c35e1ced665096fab21e33ca081eacdbc911a:1)
	at com.victoris.ledger.obd.SppTransport.write(SppTransport.kt:68)
	at com.victoris.ledger.obd.Elm327.command(Elm327.kt:39)
	at com.victoris.ledger.obd.Elm327.readPid(Elm327.kt:135)
	at com.victoris.ledger.obd.Elm327.readPid$default(Elm327.kt:133)
	at com.victoris.ledger.obd.DriveService.safeReadPid(DriveService.kt:774)
	at com.victoris.ledger.obd.DriveService.runDriveLoop$rpmTick(DriveService.kt:460)
	at com.victoris.ledger.obd.DriveService.runDriveLoop(DriveService.kt:464)
	at com.victoris.ledger.obd.DriveService.access$runDriveLoop(DriveService.kt:95)
	at com.victoris.ledger.obd.DriveService$runDriveLoop$1.invokeSuspend(DriveService.kt:15)
	at kotlin.coroutines.jvm.internal.BaseContinuationImpl.resumeWith(ContinuationImpl.kt:33)
	at kotlinx.coroutines.internal.ScopeCoroutine.afterResume(Scopes.kt:28)
	at kotlinx.coroutines.AbstractCoroutine.resumeWith(AbstractCoroutine.kt:100)
	at kotlin.coroutines.jvm.internal.BaseContinuationImpl.resumeWith(ContinuationImpl.kt:46)
	at kotlinx.coroutines.DispatchedTask.run(DispatchedTask.kt:99)
	at kotlinx.coroutines.internal.LimitedDispatcher$Worker.run(LimitedDispatcher.kt:113)
	at kotlinx.coroutines.scheduling.TaskImpl.run(Tasks.kt:89)
	at kotlinx.coroutines.scheduling.CoroutineScheduler.runSafely(CoroutineScheduler.kt:589)
	at kotlinx.coroutines.scheduling.CoroutineScheduler$Worker.executeTask(CoroutineScheduler.kt:823)
	at kotlinx.coroutines.scheduling.CoroutineScheduler$Worker.runWorker(CoroutineScheduler.kt:720)
	at kotlinx.coroutines.scheduling.CoroutineScheduler$Worker.run(CoroutineScheduler.kt:707)

2026-10-02 00:09:11.403 INFO DriveService: Trip saved: 12.90180833333332 km
2026-10-02 00:09:17.095 INFO Sync: Synced trip 1790877765243
2026-10-02 00:45:42.757 INFO DriveService: Connected to OBD
2026-10-02 00:56:07.041 INFO DriveService: Trip saved: 1.4474563888888887 km
2026-10-02 00:56:11.187 INFO Sync: Synced trip 1790882140143
2026-10-02 00:57:44.284 ERROR DriveService: Loop error, reconnecting
java.io.IOException: Broken pipe
	at android.net.LocalSocketImpl.writeba_native(Native Method)
	at android.net.LocalSocketImpl.-$$Nest$mwriteba_native(LocalSocketImpl.java:0)
	at android.net.LocalSocketImpl$SocketOutputStream.write(LocalSocketImpl.java:144)
	at android.bluetooth.BluetoothSocket.write(BluetoothSocket.java:1142)
	at android.bluetooth.BluetoothOutputStream.write(BluetoothOutputStream.java:77)
	at java.io.OutputStream.write(OutputStream.java:127)
	at com.victoris.ledger.obd.SppTransport$write$2.invokeSuspend(SppTransport.kt:69)
	at com.victoris.ledger.obd.SppTransport$write$2.invoke(SppTransport.kt:8)
	at com.victoris.ledger.obd.SppTransport$write$2.invoke(SppTransport.kt:4)
	at kotlinx.coroutines.intrinsics.UndispatchedKt.startUndispatchedOrReturn(Undispatched.kt:42)
	at kotlinx.coroutines.BuildersKt__Builders_commonKt.withContext(Builders.common.kt:164)
	at kotlinx.coroutines.BuildersKt.withContext(dex-id-7f6c35e1ced665096fab21e33ca081eacdbc911a:1)
	at com.victoris.ledger.obd.SppTransport.write(SppTransport.kt:68)
	at com.victoris.ledger.obd.Elm327.command(Elm327.kt:39)
	at com.victoris.ledger.obd.Elm327.readPid(Elm327.kt:135)
	at com.victoris.ledger.obd.Elm327.readPid$default(Elm327.kt:133)
	at com.victoris.ledger.obd.DriveService.safeReadPid(DriveService.kt:774)
	at com.victoris.ledger.obd.DriveService.runDriveLoop(DriveService.kt:464)
	at com.victoris.ledger.obd.DriveService.access$runDriveLoop(DriveService.kt:95)
	at com.victoris.ledger.obd.DriveService$runDriveLoop$1.invokeSuspend(DriveService.kt:15)
	at kotlin.coroutines.jvm.internal.BaseContinuationImpl.resumeWith(ContinuationImpl.kt:33)
	at kotlinx.coroutines.internal.ScopeCoroutine.afterResume(Scopes.kt:28)
	at kotlinx.coroutines.AbstractCoroutine.resumeWith(AbstractCoroutine.kt:100)
	at kotlin.coroutines.jvm.internal.BaseContinuationImpl.resumeWith(ContinuationImpl.kt:46)
	at kotlinx.coroutines.DispatchedTask.run(DispatchedTask.kt:99)
	at kotlinx.coroutines.internal.LimitedDispatcher$Worker.run(LimitedDispatcher.kt:113)
	at kotlinx.coroutines.scheduling.TaskImpl.run(Tasks.kt:89)
	at kotlinx.coroutines.scheduling.CoroutineScheduler.runSafely(CoroutineScheduler.kt:589)
	at kotlinx.coroutines.scheduling.CoroutineScheduler$Worker.executeTask(CoroutineScheduler.kt:823)
	at kotlinx.coroutines.scheduling.CoroutineScheduler$Worker.runWorker(CoroutineScheduler.kt:720)
	at kotlinx.coroutines.scheduling.CoroutineScheduler$Worker.run(CoroutineScheduler.kt:707)

2026-10-02 09:07:03.839 INFO DriveService: Connected to OBD
2026-10-02 18:10:07.844 ERROR DriveService: Connection failed, reconnecting
java.lang.reflect.InvocationTargetException
	at java.lang.reflect.Method.invoke(Native Method)
	at com.victoris.ledger.obd.SppTransport$connect$2.invokeSuspend(SppTransport.kt:41)
	at com.victoris.ledger.obd.SppTransport$connect$2.invoke(SppTransport.kt:8)
	at com.victoris.ledger.obd.SppTransport$connect$2.invoke(SppTransport.kt:4)
	at kotlinx.coroutines.intrinsics.UndispatchedKt.startUndispatchedOrReturn(Undispatched.kt:42)
	at kotlinx.coroutines.BuildersKt__Builders_commonKt.withContext(Builders.common.kt:164)
	at kotlinx.coroutines.BuildersKt.withContext(dex-id-7f6c35e1ced665096fab21e33ca081eacdbc911a:1)
	at com.victoris.ledger.obd.SppTransport.connect(SppTransport.kt:27)
	at com.victoris.ledger.obd.DriveService.connectTransport(DriveService.kt:761)
	at com.victoris.ledger.obd.DriveService.runDriveLoop(DriveService.kt:406)
	at com.victoris.ledger.obd.DriveService.access$runDriveLoop(DriveService.kt:95)
	at com.victoris.ledger.obd.DriveService$runDriveLoop$1.invokeSuspend(DriveService.kt:15)
	at kotlin.coroutines.jvm.internal.BaseContinuationImpl.resumeWith(ContinuationImpl.kt:33)
	at kotlinx.coroutines.DispatchedTask.run(DispatchedTask.kt:101)
	at kotlinx.coroutines.internal.LimitedDispatcher$Worker.run(LimitedDispatcher.kt:113)
	at kotlinx.coroutines.scheduling.TaskImpl.run(Tasks.kt:89)
	at kotlinx.coroutines.scheduling.CoroutineScheduler.runSafely(CoroutineScheduler.kt:589)
	at kotlinx.coroutines.scheduling.CoroutineScheduler$Worker.executeTask(CoroutineScheduler.kt:823)
	at kotlinx.coroutines.scheduling.CoroutineScheduler$Worker.runWorker(CoroutineScheduler.kt:720)
	at kotlinx.coroutines.scheduling.CoroutineScheduler$Worker.run(CoroutineScheduler.kt:707)
Caused by: java.io.IOException
	at android.bluetooth.BluetoothDevice.createRfcommSocket(BluetoothDevice.java:3610)
	... 20 more

2026-10-02 18:12:30.779 ERROR DriveService: Connection failed, reconnecting
java.lang.reflect.InvocationTargetException
	at java.lang.reflect.Method.invoke(Native Method)
	at com.victoris.ledger.obd.SppTransport$connect$2.invokeSuspend(SppTransport.kt:41)
	at com.victoris.ledger.obd.SppTransport$connect$2.invoke(SppTransport.kt:8)
	at com.victoris.ledger.obd.SppTransport$connect$2.invoke(SppTransport.kt:4)
	at kotlinx.coroutines.intrinsics.UndispatchedKt.startUndispatchedOrReturn(Undispatched.kt:42)
	at kotlinx.coroutines.BuildersKt__Builders_commonKt.withContext(Builders.common.kt:164)
	at kotlinx.coroutines.BuildersKt.withContext(dex-id-7f6c35e1ced665096fab21e33ca081eacdbc911a:1)
	at com.victoris.ledger.obd.SppTransport.connect(SppTransport.kt:27)
	at com.victoris.ledger.obd.DriveService.connectTransport(DriveService.kt:761)
	at com.victoris.ledger.obd.DriveService.runDriveLoop(DriveService.kt:406)
	at com.victoris.ledger.obd.DriveService.access$runDriveLoop(DriveService.kt:95)
	at com.victoris.ledger.obd.DriveService$runDriveLoop$1.invokeSuspend(DriveService.kt:15)
	at kotlin.coroutines.jvm.internal.BaseContinuationImpl.resumeWith(ContinuationImpl.kt:33)
	at kotlinx.coroutines.DispatchedTask.run(DispatchedTask.kt:101)
	at kotlinx.coroutines.internal.LimitedDispatcher$Worker.run(LimitedDispatcher.kt:113)
	at kotlinx.coroutines.scheduling.TaskImpl.run(Tasks.kt:89)
	at kotlinx.coroutines.scheduling.CoroutineScheduler.runSafely(CoroutineScheduler.kt:589)
	at kotlinx.coroutines.scheduling.CoroutineScheduler$Worker.executeTask(CoroutineScheduler.kt:823)
	at kotlinx.coroutines.scheduling.CoroutineScheduler$Worker.runWorker(CoroutineScheduler.kt:720)
	at kotlinx.coroutines.scheduling.CoroutineScheduler$Worker.run(CoroutineScheduler.kt:707)
Caused by: java.io.IOException
	at android.bluetooth.BluetoothDevice.createRfcommSocket(BluetoothDevice.java:3610)
	... 20 more

2026-10-02 18:13:41.926 ERROR DriveService: Connection failed, reconnecting
java.lang.reflect.InvocationTargetException
	at java.lang.reflect.Method.invoke(Native Method)
	at com.victoris.ledger.obd.SppTransport$connect$2.invokeSuspend(SppTransport.kt:41)
	at com.victoris.ledger.obd.SppTransport$connect$2.invoke(SppTransport.kt:8)
	at com.victoris.ledger.obd.SppTransport$connect$2.invoke(SppTransport.kt:4)
	at kotlinx.coroutines.intrinsics.UndispatchedKt.startUndispatchedOrReturn(Undispatched.kt:42)
	at kotlinx.coroutines.BuildersKt__Builders_commonKt.withContext(Builders.common.kt:164)
	at kotlinx.coroutines.BuildersKt.withContext(dex-id-7f6c35e1ced665096fab21e33ca081eacdbc911a:1)
	at com.victoris.ledger.obd.SppTransport.connect(SppTransport.kt:27)
	at com.victoris.ledger.obd.DriveService.connectTransport(DriveService.kt:761)
	at com.victoris.ledger.obd.DriveService.runDriveLoop(DriveService.kt:406)
	at com.victoris.ledger.obd.DriveService.access$runDriveLoop(DriveService.kt:95)
	at com.victoris.ledger.obd.DriveService$runDriveLoop$1.invokeSuspend(DriveService.kt:15)
	at kotlin.coroutines.jvm.internal.BaseContinuationImpl.resumeWith(ContinuationImpl.kt:33)
	at kotlinx.coroutines.DispatchedTask.run(DispatchedTask.kt:101)
	at kotlinx.coroutines.internal.LimitedDispatcher$Worker.run(LimitedDispatcher.kt:113)
	at kotlinx.coroutines.scheduling.TaskImpl.run(Tasks.kt:89)
	at kotlinx.coroutines.scheduling.CoroutineScheduler.runSafely(CoroutineScheduler.kt:589)
	at kotlinx.coroutines.scheduling.CoroutineScheduler$Worker.executeTask(CoroutineScheduler.kt:823)
	at kotlinx.coroutines.scheduling.CoroutineScheduler$Worker.runWorker(CoroutineScheduler.kt:720)
	at kotlinx.coroutines.scheduling.CoroutineScheduler$Worker.run(CoroutineScheduler.kt:707)
Caused by: java.io.IOException
	at android.bluetooth.BluetoothDevice.createRfcommSocket(BluetoothDevice.java:3610)
	... 20 more

2026-10-02 18:15:54.077 INFO DriveService: Connected to OBD
2026-10-02 18:18:58.531 INFO DriveService: Vehicle detected: WAGONR (median 26.96)
2026-10-02 19:22:43.548 INFO DriveService: Trip saved: 7.181783611111097 km
2026-10-02 19:22:49.198 INFO Sync: Synced trip 1790945150652
